// Jest Snapshot v1, https://goo.gl/fbAQLP

exports[`List renders as expected 1`] = `
<div>
  <div
    class="p-7"
  >
    <h2
      class="text-green-500 font-semibold text-2xl mb-4"
    >
      Allowances
    </h2>
    <div
      class="flex flex-wrap gap-3"
    />
  </div>
</div>
`;
